---
source: hexbait-lang/tests/analysis.rs
expression: "a u8;\nb switch .a {\n\t\"a\" => u8,\n\t\"b\" => u8,\n\t_ => u8,\n};\n"
input_file: hexbait-lang/tests/analysis-cases/switch_type_mismatch.hbl
---
error: `switch` branch literal cannot be compared to the scrutinee
  ┌─ switch_type_mismatch.hbl:3:2
  │
2 │ b switch .a {
3 │     "a" => u8,
  │     ^^^ cannot be compared to scrutinee
4 │     "b" => u8,
  │
  = help: the types differ
