---
source: hexbait-lang/tests/analysis.rs
expression: "x u8 = \"test\";\n"
input_file: hexbait-lang/tests/analysis-cases/expected_value_type_mismatch.hbl
---
error: expected value cannot be checked because the type does not support comparisons with the parsed type
  ┌─ expected_value_type_mismatch.hbl:1:8
  │
1 │ x u8 = "test";
  │        ^^^^^^ cannot be compared to the parsed type
2 │ 
  │
  = help: the types differ
