---
source: hexbait-lang/tests/analysis.rs
expression: "a u8;\nb switch .a {\n\t0 => {},\n\t1 => {},\n\t2 => {\n\t\tc u8;\n\t},\n\t_ => {\n\t\tc u8;\n\t}\n};\n\n!seek by .b.c;\n"
input_file: hexbait-lang/tests/analysis-cases/first_missing_reports_first_span.hbl
---
error: field `c` is not guaranteed to be available
   ┌─ first_missing_reports_first_span.hbl:13:13
   │  
 2 │   b switch .a {
 3 │       0 => {},
   │            -- not defined in this branch
 4 │       1 => {},
 5 │       2 => {
   │ ╭──────────'
 6 │ │         c u8;
 7 │ │     },
   │ ╰─────' defined here
 8 │       _ => {
   ·  
12 │   
13 │   !seek by .b.c;
   │               ^ not guaranteed to be available
14 │
