---
source: hexbait-lang/tests/analysis.rs
expression: "x u8;\n\n!if x == 0 {\n\t!endian le;\n}\n\ny u16;\n"
input_file: hexbait-lang/tests/analysis-cases/conditional_endianness.hbl
---
error: attempt to parse a multi-byte integer before endianness is set
  ┌─ conditional_endianness.hbl:7:3
  │  
2 │   
3 │   !if x == 0 {
  │       ------ endianness is not set if this is `false`
  │ ╭────────────'
4 │ │     !endian le;
5 │ │ }
  │ ╰─' endianness is set in this branch
6 │   
7 │   y u16;
  │     ^^^ endianness unknown here
8 │
