---
source: hexbait-lang/tests/parser.rs
expression: "!endian le;\n\nsignature bytes = \"metadata\";\nunknown u16;\nnumber_of_entries u16;\nunknown2 bytes len 20;\n\nentries [{\n    metadata_item_identifier bytes len 16;\n    metadata_item_offset u32;\n    metadata_item_size u32;\n    unknown u64;\n}] len number_of_entries;\n"
input_file: format_descriptions/vhdx_metadata_table.hbl
---
File@0..258
  EndiannessDeclaration@0..11
    ExclamationMark@0..1 "!"
    Identifier@1..7 "endian"
    Whitespace@7..8 " "
    Identifier@8..10 "le"
    Semicolon@10..11 ";"
  Whitespace@11..13 "\n\n"
  StructField@13..42
    Identifier@13..22 "signature"
    Whitespace@22..23 " "
    BytesParseType@23..28
      BytesKw@23..28 "bytes"
    Whitespace@28..29 " "
    Equals@29..30 "="
    Whitespace@30..31 " "
    Atom@31..41
      StringLiteral@31..41 "\"metadata\""
    Semicolon@41..42 ";"
  Whitespace@42..43 "\n"
  StructField@43..55
    Identifier@43..50 "unknown"
    Whitespace@50..51 " "
    NamedParseType@51..54
      Identifier@51..54 "u16"
    Semicolon@54..55 ";"
  Whitespace@55..56 "\n"
  StructField@56..78
    Identifier@56..73 "number_of_entries"
    Whitespace@73..74 " "
    NamedParseType@74..77
      Identifier@74..77 "u16"
    Semicolon@77..78 ";"
  Whitespace@78..79 "\n"
  StructField@79..101
    Identifier@79..87 "unknown2"
    Whitespace@87..88 " "
    BytesParseType@88..100
      BytesKw@88..93 "bytes"
      Whitespace@93..94 " "
      RepeatLenDecl@94..100
        Identifier@94..97 "len"
        Whitespace@97..98 " "
        Atom@98..100
          DecimalIntegerLiteral@98..100 "20"
    Semicolon@100..101 ";"
  Whitespace@101..103 "\n\n"
  StructField@103..257
    Identifier@103..110 "entries"
    Whitespace@110..111 " "
    RepeatParseType@111..256
      LBracket@111..112 "["
      AnonymousStructParseType@112..233
        StructBlock@112..233
          LBrace@112..113 "{"
          Whitespace@113..118 "\n    "
          StructField@118..156
            Identifier@118..142 "metadata_item_identifier"
            Whitespace@142..143 " "
            BytesParseType@143..155
              BytesKw@143..148 "bytes"
              Whitespace@148..149 " "
              RepeatLenDecl@149..155
                Identifier@149..152 "len"
                Whitespace@152..153 " "
                Atom@153..155
                  DecimalIntegerLiteral@153..155 "16"
            Semicolon@155..156 ";"
          Whitespace@156..161 "\n    "
          StructField@161..186
            Identifier@161..181 "metadata_item_offset"
            Whitespace@181..182 " "
            NamedParseType@182..185
              Identifier@182..185 "u32"
            Semicolon@185..186 ";"
          Whitespace@186..191 "\n    "
          StructField@191..214
            Identifier@191..209 "metadata_item_size"
            Whitespace@209..210 " "
            NamedParseType@210..213
              Identifier@210..213 "u32"
            Semicolon@213..214 ";"
          Whitespace@214..219 "\n    "
          StructField@219..231
            Identifier@219..226 "unknown"
            Whitespace@226..227 " "
            NamedParseType@227..230
              Identifier@227..230 "u64"
            Semicolon@230..231 ";"
          Whitespace@231..232 "\n"
          RBrace@232..233 "}"
      RBracket@233..234 "]"
      Whitespace@234..235 " "
      RepeatLenDecl@235..256
        Identifier@235..238 "len"
        Whitespace@238..239 " "
        Atom@239..256
          Identifier@239..256 "number_of_entries"
    Semicolon@256..257 ";"
  Whitespace@257..258 "\n"

--- diagnostics ---
no diagnostics
