---
source: hexbait-lang/tests/parser.rs
expression: "cond u8;\n\n!if cond == 0 {\n\tx u8;\n}\n\nlet y = x;\n"
input_file: hexbait-lang/tests/parser-cases/conditional_field.hbl
---
File@0..47
  StructField@0..8
    Identifier@0..4 "cond"
    Whitespace@4..5 " "
    NamedParseType@5..7
      Identifier@5..7 "u8"
    Semicolon@7..8 ";"
  Whitespace@8..10 "\n\n"
  IfDeclaration@10..34
    ExclamationMark@10..11 "!"
    IfChain@11..34
      Identifier@11..13 "if"
      Whitespace@13..14 " "
      InfixExpr@14..23
        Atom@14..18
          Identifier@14..18 "cond"
        Whitespace@18..19 " "
        Op@19..21
          Equals@19..20 "="
          Equals@20..21 "="
        Whitespace@21..22 " "
        Atom@22..23
          DecimalIntegerLiteral@22..23 "0"
      Whitespace@23..24 " "
      StructBlock@24..34
        LBrace@24..25 "{"
        Whitespace@25..27 "\n\t"
        StructField@27..32
          Identifier@27..28 "x"
          Whitespace@28..29 " "
          NamedParseType@29..31
            Identifier@29..31 "u8"
          Semicolon@31..32 ";"
        Whitespace@32..33 "\n"
        RBrace@33..34 "}"
  Whitespace@34..36 "\n\n"
  LetStatement@36..46
    LetKw@36..39 "let"
    Whitespace@39..40 " "
    Identifier@40..41 "y"
    Whitespace@41..42 " "
    Equals@42..43 "="
    Whitespace@43..44 " "
    Atom@44..45
      Identifier@44..45 "x"
    Semicolon@45..46 ";"
  Whitespace@46..47 "\n"

--- diagnostics ---
error: field `x` is not guaranteed to be available
  ┌─ conditional_field.hbl:7:9
  │  
2 │   
3 │   !if cond == 0 {
  │       --------- not defined if this is `false`
  │ ╭───────────────'
4 │ │     x u8;
5 │ │ }
  │ ╰─' defined here
6 │   
7 │   let y = x;
  │           ^ not guaranteed to be available
8 │
