---
source: hexbait-lang/tests/parser.rs
expression: "!endian le;\n\nsignature bytes = \"-FVE-FS-\";\nsize u16;\nversion u16;\ncurrent_state u16;\nnext_state u16;\nencrypted_volume_size u64;\nconvert_size u32;\nnum_of_backup_sectors u32;\ninformation_offsets [u64] len 3;\nboot_sector_backup u64;\n\ndataset {\n    size u32;\n    unknown1 u32;\n    header_size u32;\n    copy_size u32;\n    guid bytes len 16;\n    next_counter u32;\n    algorithm u16;\n    trash u16;\n    timestamp u64;\n};\n\ndatums [{\n    size u16;\n    entry_type u16;\n    value_type u16;\n    error_status u16;\n    content switch .value_type {\n        _ => bytes len .size - 8,\n    };\n}] while $offset < .dataset.size + 64;\n"
input_file: format_descriptions/bitlocker_information.hbl
---
File@0..614
  EndiannessDeclaration@0..11
    ExclamationMark@0..1 "!"
    Identifier@1..7 "endian"
    Whitespace@7..8 " "
    Identifier@8..10 "le"
    Semicolon@10..11 ";"
  Whitespace@11..13 "\n\n"
  StructField@13..42
    Identifier@13..22 "signature"
    Whitespace@22..23 " "
    BytesParseType@23..28
      BytesKw@23..28 "bytes"
    Whitespace@28..29 " "
    Equals@29..30 "="
    Whitespace@30..31 " "
    Atom@31..41
      StringLiteral@31..41 "\"-FVE-FS-\""
    Semicolon@41..42 ";"
  Whitespace@42..43 "\n"
  StructField@43..52
    Identifier@43..47 "size"
    Whitespace@47..48 " "
    NamedParseType@48..51
      Identifier@48..51 "u16"
    Semicolon@51..52 ";"
  Whitespace@52..53 "\n"
  StructField@53..65
    Identifier@53..60 "version"
    Whitespace@60..61 " "
    NamedParseType@61..64
      Identifier@61..64 "u16"
    Semicolon@64..65 ";"
  Whitespace@65..66 "\n"
  StructField@66..84
    Identifier@66..79 "current_state"
    Whitespace@79..80 " "
    NamedParseType@80..83
      Identifier@80..83 "u16"
    Semicolon@83..84 ";"
  Whitespace@84..85 "\n"
  StructField@85..100
    Identifier@85..95 "next_state"
    Whitespace@95..96 " "
    NamedParseType@96..99
      Identifier@96..99 "u16"
    Semicolon@99..100 ";"
  Whitespace@100..101 "\n"
  StructField@101..127
    Identifier@101..122 "encrypted_volume_size"
    Whitespace@122..123 " "
    NamedParseType@123..126
      Identifier@123..126 "u64"
    Semicolon@126..127 ";"
  Whitespace@127..128 "\n"
  StructField@128..145
    Identifier@128..140 "convert_size"
    Whitespace@140..141 " "
    NamedParseType@141..144
      Identifier@141..144 "u32"
    Semicolon@144..145 ";"
  Whitespace@145..146 "\n"
  StructField@146..172
    Identifier@146..167 "num_of_backup_sectors"
    Whitespace@167..168 " "
    NamedParseType@168..171
      Identifier@168..171 "u32"
    Semicolon@171..172 ";"
  Whitespace@172..173 "\n"
  StructField@173..205
    Identifier@173..192 "information_offsets"
    Whitespace@192..193 " "
    RepeatParseType@193..204
      LBracket@193..194 "["
      NamedParseType@194..197
        Identifier@194..197 "u64"
      RBracket@197..198 "]"
      Whitespace@198..199 " "
      RepeatLenDecl@199..204
        Identifier@199..202 "len"
        Whitespace@202..203 " "
        Atom@203..204
          DecimalIntegerLiteral@203..204 "3"
    Semicolon@204..205 ";"
  Whitespace@205..206 "\n"
  StructField@206..229
    Identifier@206..224 "boot_sector_backup"
    Whitespace@224..225 " "
    NamedParseType@225..228
      Identifier@225..228 "u64"
    Semicolon@228..229 ";"
  Whitespace@229..231 "\n\n"
  StructField@231..413
    Identifier@231..238 "dataset"
    Whitespace@238..239 " "
    AnonymousStructParseType@239..412
      StructBlock@239..412
        LBrace@239..240 "{"
        Whitespace@240..245 "\n    "
        StructField@245..254
          Identifier@245..249 "size"
          Whitespace@249..250 " "
          NamedParseType@250..253
            Identifier@250..253 "u32"
          Semicolon@253..254 ";"
        Whitespace@254..259 "\n    "
        StructField@259..272
          Identifier@259..267 "unknown1"
          Whitespace@267..268 " "
          NamedParseType@268..271
            Identifier@268..271 "u32"
          Semicolon@271..272 ";"
        Whitespace@272..277 "\n    "
        StructField@277..293
          Identifier@277..288 "header_size"
          Whitespace@288..289 " "
          NamedParseType@289..292
            Identifier@289..292 "u32"
          Semicolon@292..293 ";"
        Whitespace@293..298 "\n    "
        StructField@298..312
          Identifier@298..307 "copy_size"
          Whitespace@307..308 " "
          NamedParseType@308..311
            Identifier@308..311 "u32"
          Semicolon@311..312 ";"
        Whitespace@312..317 "\n    "
        StructField@317..335
          Identifier@317..321 "guid"
          Whitespace@321..322 " "
          BytesParseType@322..334
            BytesKw@322..327 "bytes"
            Whitespace@327..328 " "
            RepeatLenDecl@328..334
              Identifier@328..331 "len"
              Whitespace@331..332 " "
              Atom@332..334
                DecimalIntegerLiteral@332..334 "16"
          Semicolon@334..335 ";"
        Whitespace@335..340 "\n    "
        StructField@340..357
          Identifier@340..352 "next_counter"
          Whitespace@352..353 " "
          NamedParseType@353..356
            Identifier@353..356 "u32"
          Semicolon@356..357 ";"
        Whitespace@357..362 "\n    "
        StructField@362..376
          Identifier@362..371 "algorithm"
          Whitespace@371..372 " "
          NamedParseType@372..375
            Identifier@372..375 "u16"
          Semicolon@375..376 ";"
        Whitespace@376..381 "\n    "
        StructField@381..391
          Identifier@381..386 "trash"
          Whitespace@386..387 " "
          NamedParseType@387..390
            Identifier@387..390 "u16"
          Semicolon@390..391 ";"
        Whitespace@391..396 "\n    "
        StructField@396..410
          Identifier@396..405 "timestamp"
          Whitespace@405..406 " "
          NamedParseType@406..409
            Identifier@406..409 "u64"
          Semicolon@409..410 ";"
        Whitespace@410..411 "\n"
        RBrace@411..412 "}"
    Semicolon@412..413 ";"
  Whitespace@413..415 "\n\n"
  StructField@415..613
    Identifier@415..421 "datums"
    Whitespace@421..422 " "
    RepeatParseType@422..612
      LBracket@422..423 "["
      AnonymousStructParseType@423..576
        StructBlock@423..576
          LBrace@423..424 "{"
          Whitespace@424..429 "\n    "
          StructField@429..438
            Identifier@429..433 "size"
            Whitespace@433..434 " "
            NamedParseType@434..437
              Identifier@434..437 "u16"
            Semicolon@437..438 ";"
          Whitespace@438..443 "\n    "
          StructField@443..458
            Identifier@443..453 "entry_type"
            Whitespace@453..454 " "
            NamedParseType@454..457
              Identifier@454..457 "u16"
            Semicolon@457..458 ";"
          Whitespace@458..463 "\n    "
          StructField@463..478
            Identifier@463..473 "value_type"
            Whitespace@473..474 " "
            NamedParseType@474..477
              Identifier@474..477 "u16"
            Semicolon@477..478 ";"
          Whitespace@478..483 "\n    "
          StructField@483..500
            Identifier@483..495 "error_status"
            Whitespace@495..496 " "
            NamedParseType@496..499
              Identifier@496..499 "u16"
            Semicolon@499..500 ";"
          Whitespace@500..505 "\n    "
          StructField@505..574
            Identifier@505..512 "content"
            Whitespace@512..513 " "
            SwitchParseType@513..573
              SwitchKw@513..519 "switch"
              Whitespace@519..520 " "
              FieldAccess@520..531
                Dot@520..521 "."
                BareField@521..531
                  Identifier@521..531 "value_type"
              Whitespace@531..532 " "
              LBrace@532..533 "{"
              Whitespace@533..542 "\n        "
              Underscore@542..543 "_"
              Whitespace@543..544 " "
              Equals@544..545 "="
              RAngle@545..546 ">"
              Whitespace@546..547 " "
              BytesParseType@547..566
                BytesKw@547..552 "bytes"
                Whitespace@552..553 " "
                RepeatLenDecl@553..566
                  Identifier@553..556 "len"
                  Whitespace@556..557 " "
                  InfixExpr@557..566
                    FieldAccess@557..562
                      Dot@557..558 "."
                      BareField@558..562
                        Identifier@558..562 "size"
                    Whitespace@562..563 " "
                    Op@563..564
                      Minus@563..564 "-"
                    Whitespace@564..565 " "
                    Atom@565..566
                      DecimalIntegerLiteral@565..566 "8"
              Comma@566..567 ","
              Whitespace@567..572 "\n    "
              RBrace@572..573 "}"
            Semicolon@573..574 ";"
          Whitespace@574..575 "\n"
          RBrace@575..576 "}"
      RBracket@576..577 "]"
      Whitespace@577..578 " "
      RepeatWhileDecl@578..612
        Identifier@578..583 "while"
        Whitespace@583..584 " "
        InfixExpr@584..612
          Metavar@584..591
            Dollar@584..585 "$"
            Identifier@585..591 "offset"
          Whitespace@591..592 " "
          Op@592..593
            LAngle@592..593 "<"
          Whitespace@593..594 " "
          InfixExpr@594..612
            FieldAccess@594..607
              FieldAccess@594..602
                Dot@594..595 "."
                BareField@595..602
                  Identifier@595..602 "dataset"
              Dot@602..603 "."
              BareField@603..607
                Identifier@603..607 "size"
            Whitespace@607..608 " "
            Op@608..609
              Plus@608..609 "+"
            Whitespace@609..610 " "
            Atom@610..612
              DecimalIntegerLiteral@610..612 "64"
    Semicolon@612..613 ";"
  Whitespace@613..614 "\n"

--- diagnostics ---
no diagnostics
