---
source: hexbait-parse/tests/cases.rs
expression: "render(&spec, &input)"
input_file: hexbait-parse/tests/cases/switch/spec.hbl
---
{
  "value": {
    "value": {
      "kind": {
        "value": 9,
        "provenance": "0..=0"
      },
      "payload": {
        "value": "aabbccdd",
        "provenance": "1..=4"
      },
      "tail": {
        "value": 238,
        "provenance": "5..=5"
      }
    },
    "provenance": "0..=5"
  },
  "errors": [],
  "warnings": []
}
