---
source: hexbait-parse/tests/cases.rs
expression: "\n=== Spec ===\n!endian le;\n\nhead u8;\nbody {\n  !recover at 5;\n  a u8;\n  !assert a == 1;\n  b u16;\n};\ntail u8;\n\n\n=== Hex ===\nff 01 02 00 07\n"
input_file: hexbait-parse/tests/cases/assert_recover/spec.hbl
---
{
  "value": {
    "value": {
      "head": {
        "value": 255,
        "provenance": "0..=0"
      },
      "body": {
        "value": {
          "a": {
            "value": 1,
            "provenance": "1..=1"
          },
          "b": {
            "value": 2,
            "provenance": "2..=3"
          }
        },
        "provenance": "1..=3"
      },
      "tail": {
        "value": 7,
        "provenance": "4..=4"
      }
    },
    "provenance": "0..=4"
  },
  "errors": [],
  "warnings": []
}
