---
source: hexbait-parse/tests/cases.rs
expression: "\n=== Spec ===\ndiv {\n\t!recover at 0;\n\tlet x = 1 / 0;\n};\nmod {\n\tlet y = 1 % 0;\n};\n\n\n=== Hex ===\n"
input_file: hexbait-parse/tests/cases/div_zero/spec.hbl
---
{
  "value": {
    "value": {
      "div": {
        "value": {
          "_failure0": "division by zero"
        },
        "provenance": ""
      },
      "mod": {
        "value": {
          "_failure1": "modulo by zero"
        },
        "provenance": ""
      },
      "_failure1": "modulo by zero"
    },
    "provenance": ""
  },
  "errors": [
    {
      "message": "division by zero",
      "provenance": ""
    },
    {
      "message": "modulo by zero",
      "provenance": ""
    }
  ],
  "warnings": []
}
