---
source: hexbait-parse/tests/cases.rs
expression: "\n=== Spec ===\n!endian le;\n\na u8;\n!assert a == 1;\nb u8;\n!assert b == 0xff : \"b must be 0xff\";\nc u8;\n\n\n=== Hex ===\n02 ff 07\n"
input_file: hexbait-parse/tests/cases/assert/spec.hbl
---
{
  "value": {
    "value": {
      "a": {
        "value": 2,
        "provenance": "0..=0"
      }
    },
    "provenance": "0..=0",
    "error": "assertion failed"
  },
  "errors": [
    {
      "message": "assertion failed",
      "provenance": "0..=0"
    }
  ],
  "warnings": []
}
