---
source: hexbait-parse/tests/cases.rs
expression: "render(&spec, &input)"
input_file: hexbait-parse/tests/cases/recover/spec.hbl
---
{
  "value": {
    "value": {
      "head": {
        "value": 1,
        "provenance": "0..=0"
      },
      "body": {
        "value": {
          "tag": {
            "value": 170,
            "provenance": "1..=1"
          },
          "skipped": {
            "value": 770,
            "provenance": "2..=3"
          }
        },
        "provenance": "1..=3"
      },
      "tail": {
        "value": 4,
        "provenance": "4..=4"
      }
    },
    "provenance": "0..=4"
  },
  "errors": [],
  "warnings": []
}
