---
source: hexbait-parse/tests/cases.rs
expression: "\n=== Spec ===\n!endian le;\n\na {\n\t!recover at 0;\n\tarr [{\n\t\ttag u8 = 0xaa;\n\t}] len 3;\n};\n\nb {\n\tarr [{\n\t\ttag u8 = 0xaa;\n\t}] while $len < 3;\n};\n\n\n=== Hex ===\naa bb aa\n"
input_file: hexbait-parse/tests/cases/err_array/spec.hbl
---
{
  "value": {
    "value": {
      "a": {
        "value": {
          "arr": {
            "value": [
              {
                "value": {
                  "tag": {
                    "value": 170,
                    "provenance": "0..=0"
                  }
                },
                "provenance": "0..=0"
              },
              {
                "value": {
                  "tag": {
                    "value": 187,
                    "provenance": "1..=1"
                  }
                },
                "provenance": "1..=1",
                "error": "field expectation failed: 170 (0xaa) != 187 (0xbb)"
              }
            ],
            "provenance": "0..=1",
            "error": "field expectation failed: 170 (0xaa) != 187 (0xbb)"
          }
        },
        "provenance": "0..=1",
        "error": "field expectation failed: 170 (0xaa) != 187 (0xbb)"
      },
      "b": {
        "value": {
          "arr": {
            "value": [
              {
                "value": {
                  "tag": {
                    "value": 170,
                    "provenance": "0..=0"
                  }
                },
                "provenance": "0..=0"
              },
              {
                "value": {
                  "tag": {
                    "value": 187,
                    "provenance": "1..=1"
                  }
                },
                "provenance": "1..=1",
                "error": "field expectation failed: 170 (0xaa) != 187 (0xbb)"
              }
            ],
            "provenance": "0..=1",
            "error": "field expectation failed: 170 (0xaa) != 187 (0xbb)"
          }
        },
        "provenance": "0..=1",
        "error": "field expectation failed: 170 (0xaa) != 187 (0xbb)"
      }
    },
    "provenance": "0..=1",
    "error": "field expectation failed: 170 (0xaa) != 187 (0xbb)"
  },
  "errors": [
    {
      "message": "field expectation failed: 170 (0xaa) != 187 (0xbb)",
      "provenance": "1..=1"
    },
    {
      "message": "field expectation failed: 170 (0xaa) != 187 (0xbb)",
      "provenance": "1..=1"
    }
  ],
  "warnings": []
}
