---
source: hexbait-parse/tests/cases.rs
expression: "\n=== Spec ===\n!endian le;\n\n!scope at -1 {\n\ta u8;\n}\n\n\n=== Hex ===\n00\n"
input_file: hexbait-parse/tests/cases/negative_offset/spec.hbl
---
{
  "value": {
    "value": {
      "_failure0": "could not set cursor for start of new scope: negative offset"
    },
    "provenance": ""
  },
  "errors": [
    {
      "message": "could not set cursor for start of new scope: negative offset",
      "provenance": ""
    }
  ],
  "warnings": []
}
