---
source: hexbait-parse/tests/cases.rs
expression: "\n=== Spec ===\n!endian le;\n\np1 bytes len 4;\n!seek by 4;\np2 bytes len 4;\n!scope in concat(p1, p2) {\n  a u8;\n  !scope at 3 until 6 {\n    b u16;\n    !assert $offset == 2;\n  }\n  c u16;\n}\n\n\n=== Hex ===\n01 02 03 04   # p1 @ 0..=3\nff ff ff ff   # skipped\n05 06 07 08   # p2 @ 8..=11\n"
input_file: hexbait-parse/tests/cases/scope_nested_concat/spec.hbl
---
{
  "value": {
    "value": {
      "p1": {
        "value": "01020304",
        "provenance": "0..=3"
      },
      "p2": {
        "value": "05060708",
        "provenance": "8..=11"
      },
      "a": {
        "value": 1,
        "provenance": "0..=0"
      },
      "b": {
        "value": 1284,
        "provenance": "3..=3, 8..=8"
      },
      "c": {
        "value": 770,
        "provenance": "1..=2"
      }
    },
    "provenance": "0..=3, 8..=11"
  },
  "errors": [],
  "warnings": []
}
