---
source: hexbait-parse/tests/cases.rs
expression: "\n=== Spec ===\n!endian le;\n\nval bytes len 4;\n\n\n=== Hex ===\n00 01\n"
input_file: hexbait-parse/tests/cases/read_past_end/spec.hbl
---
{
  "value": {
    "value": {
      "_failure0": "view is too short"
    },
    "provenance": ""
  },
  "errors": [
    {
      "message": "view is too short",
      "provenance": "0..=0"
    }
  ],
  "warnings": []
}
